2026-03-23 15:19:03,438 | INFO | qomotech | Starting QomoTech backend
2026-03-23 15:26:23,897 | INFO | qomotech | Starting QomoTech backend
2026-03-23 15:38:29,821 | INFO | qomotech | Starting QomoTech backend
2026-03-23 15:38:38,376 | WARNING | qomotech.zmotion | ZAux_OpenEth failed, ret=20008
2026-03-23 15:47:23,773 | INFO | qomotech | Starting QomoTech backend
2026-03-23 15:48:15,151 | WARNING | qomotech.zmotion | ZAux_OpenEth failed, ret=20008
2026-03-23 15:59:07,159 | INFO | qomotech | Starting QomoTech backend
2026-03-23 15:59:13,342 | WARNING | qomotech.zmotion | ZAux_OpenEth failed, ret=20008
2026-03-23 16:03:51,189 | INFO | qomotech | Starting QomoTech backend
2026-03-23 16:03:55,309 | WARNING | qomotech.zmotion | ZAux_OpenEth failed, ret=20008
2026-03-23 16:20:07,148 | INFO | qomotech | Starting QomoTech backend
2026-03-23 16:20:09,327 | WARNING | qomotech.zmotion | ZAux_OpenEth failed, ret=20008
2026-03-23 17:10:55,768 | INFO | qomotech | Starting QomoTech backend
2026-03-23 17:11:04,625 | WARNING | qomotech.zmotion | ZAux_OpenEth failed, ret=20008
2026-03-23 17:25:15,872 | INFO | qomotech | Starting QomoTech backend
2026-03-23 17:25:59,401 | WARNING | qomotech.zmotion | ZAux_OpenEth failed, ret=20008
2026-03-23 17:42:28,726 | INFO | qomotech | Starting QomoTech backend
2026-03-23 17:42:53,162 | WARNING | qomotech.zmotion | ZAux_OpenEth failed, ret=20008
2026-03-23 17:43:47,039 | INFO | qomotech | Starting QomoTech backend
2026-03-23 17:44:26,278 | WARNING | qomotech.zmotion | ZAux_OpenEth failed, ret=20008
2026-03-23 17:46:41,519 | INFO | qomotech | Starting QomoTech backend
2026-03-23 17:47:44,510 | WARNING | qomotech.zmotion | ZAux_OpenEth failed, ret=20008
2026-03-23 18:04:02,091 | INFO | qomotech | Starting QomoTech backend
2026-03-23 18:04:48,768 | WARNING | qomotech.zmotion | ZAux_OpenEth failed, ret=20008
2026-03-23 18:10:08,481 | WARNING | qomotech.zmotion | ZAux_OpenEth failed, ret=20008
2026-03-23 18:10:58,711 | WARNING | qomotech.zmotion | ZAux_OpenEth failed, ret=20008
2026-03-23 18:11:06,521 | WARNING | qomotech.zmotion | ZAux_OpenEth failed, ret=20008
2026-03-23 18:18:24,547 | INFO | qomotech | Starting QomoTech backend
2026-03-23 18:18:40,109 | WARNING | qomotech.zmotion | ZAux_OpenEth failed, ret=20008
2026-03-23 18:36:27,701 | INFO | qomotech | Starting QomoTech backend
2026-03-23 18:37:07,397 | INFO | qomotech | Starting QomoTech backend
2026-03-23 18:37:16,735 | WARNING | qomotech.zmotion | ZAux_OpenEth failed, ret=20008
2026-03-23 19:07:57,442 | INFO | qomotech | Starting QomoTech backend
2026-03-23 19:08:10,858 | WARNING | qomotech.zmotion | ZAux_OpenEth failed, ret=20008
2026-03-23 19:30:42,285 | INFO | qomotech | Starting QomoTech backend
2026-03-23 19:31:16,667 | WARNING | qomotech.zmotion | ZAux_OpenEth failed, ret=20008
2026-03-23 19:36:21,737 | INFO | qomotech | Starting QomoTech backend
2026-03-23 19:36:34,646 | WARNING | qomotech.zmotion | ZAux_OpenEth failed, ret=20008
2026-03-23 19:51:48,004 | WARNING | qomotech.zmotion | ZAux_OpenEth failed, ret=20008
2026-03-23 19:56:04,940 | WARNING | qomotech.zmotion | ZAux_OpenEth failed, ret=20008
2026-03-23 20:09:39,893 | INFO | qomotech | Starting QomoTech backend
2026-03-23 20:09:57,043 | WARNING | qomotech.zmotion | ZAux_OpenEth failed, ret=20008
2026-03-23 20:35:44,275 | INFO | qomotech | Starting QomoTech backend
2026-03-23 20:56:23,690 | INFO | qomotech | Starting QomoTech backend
2026-03-23 20:57:18,554 | INFO | qomotech | Starting QomoTech backend
2026-03-23 20:58:34,274 | INFO | qomotech | Starting QomoTech backend
2026-03-23 21:39:20,975 | INFO | qomotech | Starting QomoTech backend
2026-03-23 21:42:55,294 | INFO | qomotech | Starting QomoTech backend
2026-03-23 21:45:33,000 | INFO | qomotech | Starting QomoTech backend
2026-03-23 21:46:36,238 | INFO | qomotech | Starting QomoTech backend
2026-03-23 21:57:32,230 | INFO | qomotech | Starting QomoTech backend
2026-03-23 22:00:38,484 | INFO | qomotech | Starting QomoTech backend
2026-03-23 22:08:10,115 | INFO | qomotech | Starting QomoTech backend
2026-03-23 22:10:36,363 | INFO | qomotech | Starting QomoTech backend
2026-03-23 22:21:55,294 | INFO | qomotech | Starting QomoTech backend
2026-03-23 22:24:59,468 | INFO | qomotech | Starting QomoTech backend
2026-03-23 22:25:39,399 | INFO | qomotech | Starting QomoTech backend
2026-03-23 22:35:47,063 | INFO | qomotech | Starting QomoTech backend
2026-03-23 22:40:54,720 | INFO | qomotech | Starting QomoTech backend
2026-03-23 22:49:55,570 | INFO | qomotech | Starting QomoTech backend
2026-03-23 23:06:45,112 | INFO | qomotech | Starting QomoTech backend
2026-03-23 23:17:08,211 | INFO | qomotech | Starting QomoTech backend
2026-03-23 23:18:23,588 | INFO | qomotech | Starting QomoTech backend
2026-03-23 23:22:50,220 | INFO | qomotech | Starting QomoTech backend
2026-03-23 23:48:29,411 | INFO | qomotech | Starting QomoTech backend
2026-03-24 00:11:05,327 | INFO | qomotech | Starting QomoTech backend
2026-03-24 00:19:59,054 | INFO | qomotech | Starting QomoTech backend
2026-03-24 00:25:19,310 | INFO | qomotech | Starting QomoTech backend
2026-03-24 00:40:28,119 | INFO | qomotech | Starting QomoTech backend
2026-03-24 01:01:17,304 | INFO | qomotech | Starting QomoTech backend
2026-03-24 08:51:18,936 | INFO | qomotech | Starting QomoTech backend
2026-03-24 08:51:52,532 | INFO | qomotech | Starting QomoTech backend
2026-03-24 09:25:12,034 | INFO | qomotech | Starting QomoTech backend
2026-03-24 09:25:50,103 | INFO | qomotech | Starting QomoTech backend
2026-03-24 09:33:12,639 | INFO | qomotech | Starting QomoTech backend
2026-03-24 09:33:42,753 | INFO | qomotech | Starting QomoTech backend
2026-03-24 09:41:41,336 | INFO | qomotech | Starting QomoTech backend
2026-03-24 09:52:32,162 | INFO | qomotech | Starting QomoTech backend
2026-03-24 09:59:35,776 | INFO | qomotech | Starting QomoTech backend
2026-03-24 10:12:57,899 | INFO | qomotech | Starting QomoTech backend
2026-03-24 12:01:03,910 | INFO | qomotech | Starting QomoTech backend
2026-03-24 12:49:50,978 | INFO | qomotech | Starting QomoTech backend
2026-03-24 13:27:33,679 | INFO | qomotech | Starting QomoTech backend
2026-03-24 13:27:33,718 | INFO | qomotech.status_poller | HardwareStatusPoller started (interval=50ms)
2026-03-24 13:31:46,730 | INFO | qomotech | Starting QomoTech backend
2026-03-24 13:31:46,771 | INFO | qomotech.status_poller | HardwareStatusPoller started (interval=50ms)
2026-03-24 15:22:35,790 | INFO | qomotech | Starting QomoTech backend
2026-03-24 15:22:35,925 | INFO | qomotech.status_poller | HardwareStatusPoller started (interval=50ms)
2026-03-24 15:33:36,936 | INFO | qomotech.status_poller | HardwareStatusPoller stopped
2026-03-24 15:34:14,314 | INFO | qomotech | Starting QomoTech backend
2026-03-24 15:34:14,450 | INFO | qomotech.status_poller | HardwareStatusPoller started (interval=50ms)
2026-03-24 16:32:02,618 | WARNING | qomotech.zmotion | ZAux_OpenEth failed ret=20008
2026-03-25 09:29:29,813 | INFO | qomotech | Starting QomoTech backend
2026-03-25 09:29:30,039 | INFO | qomotech.status_poller | HardwareStatusPoller started (interval=50ms)
2026-03-25 09:29:37,268 | WARNING | qomotech.zmotion | ZAux_OpenEth failed ret=20008
2026-03-25 11:46:54,191 | INFO | qomotech | Starting QomoTech backend
2026-03-25 11:46:54,333 | INFO | qomotech.status_poller | HardwareStatusPoller started (interval=50ms)
2026-03-25 12:20:09,550 | INFO | qomotech | Starting QomoTech backend
2026-03-25 12:20:09,686 | INFO | qomotech.status_poller | HardwareStatusPoller started (interval=50ms)
2026-03-25 12:20:28,311 | INFO | qomotech.status_poller | HardwareStatusPoller stopped
2026-03-25 12:20:46,248 | INFO | qomotech | Starting QomoTech backend
2026-03-25 12:20:46,417 | INFO | qomotech.status_poller | HardwareStatusPoller started (interval=50ms)
2026-03-25 12:39:15,128 | INFO | qomotech | Starting QomoTech backend
2026-03-25 12:39:15,285 | INFO | qomotech.status_poller | HardwareStatusPoller started (interval=50ms)
2026-03-25 12:56:48,373 | INFO | qomotech | Starting QomoTech backend
2026-03-25 12:56:48,510 | INFO | qomotech.status_poller | HardwareStatusPoller started (interval=50ms)
2026-03-25 14:33:31,837 | INFO | qomotech | Starting QomoTech backend
2026-03-25 14:33:31,987 | INFO | qomotech.status_poller | HardwareStatusPoller started (interval=50ms)
2026-03-25 16:29:40,358 | INFO | qomotech | Starting QomoTech backend
2026-03-25 16:29:40,497 | INFO | qomotech.status_poller | HardwareStatusPoller started (interval=50ms)
2026-03-25 17:18:13,678 | INFO | qomotech | Starting QomoTech backend
2026-03-25 17:18:13,812 | INFO | qomotech.status_poller | HardwareStatusPoller started (interval=50ms)
2026-03-25 17:43:32,143 | INFO | qomotech | Starting QomoTech backend
2026-03-25 17:43:32,335 | INFO | qomotech.status_poller | HardwareStatusPoller started (interval=50ms)
2026-03-25 17:48:24,009 | INFO | qomotech | Starting QomoTech backend
2026-03-25 17:48:24,156 | INFO | qomotech.status_poller | HardwareStatusPoller started (interval=50ms)
2026-03-26 08:39:27,446 | INFO | qomotech | Starting QomoTech backend
2026-03-26 08:39:27,571 | INFO | qomotech.status_poller | HardwareStatusPoller started (interval=50ms)
2026-03-26 08:40:48,912 | WARNING | qomotech.zmotion | ZAux_OpenEth failed ret=20008
2026-03-26 08:40:52,686 | WARNING | qomotech.zmotion | ZAux_OpenEth failed ret=20008
2026-03-26 08:43:05,682 | INFO | qomotech | Starting QomoTech backend
2026-03-26 08:43:05,830 | INFO | qomotech.status_poller | HardwareStatusPoller started (interval=50ms)
2026-03-26 08:43:27,693 | WARNING | qomotech.zmotion | ZAux_OpenEth failed ret=20008
2026-03-26 08:43:34,263 | WARNING | qomotech.zmotion | ZAux_OpenEth failed ret=20008
2026-03-26 08:44:30,454 | ERROR | qomotech.start_program | execute_start_program failed
Traceback (most recent call last):
  File "D:\Project_Test\QomoTech\QomoTech_BackEnd\core\startPragram.py", line 47, in execute_start_program
    flag = OffsetEndpointCalculator.calc_xy_points_flat(entities=entities, offset=extra_height)
TypeError: OffsetEndpointCalculator.calc_xy_points_flat() got an unexpected keyword argument 'entities'
2026-03-26 08:46:06,133 | INFO | qomotech | Starting QomoTech backend
2026-03-26 08:46:06,258 | INFO | qomotech.status_poller | HardwareStatusPoller started (interval=50ms)
2026-03-26 08:49:00,675 | INFO | qomotech | Starting QomoTech backend
2026-03-26 08:49:00,793 | INFO | qomotech.status_poller | HardwareStatusPoller started (interval=50ms)
2026-03-26 08:53:02,443 | INFO | qomotech | Starting QomoTech backend
2026-03-26 08:53:02,561 | INFO | qomotech.status_poller | HardwareStatusPoller started (interval=50ms)
2026-03-26 08:53:43,683 | INFO | qomotech | Starting QomoTech backend
2026-03-26 08:53:43,800 | INFO | qomotech.status_poller | HardwareStatusPoller started (interval=50ms)
2026-03-26 08:56:42,847 | INFO | qomotech | Starting QomoTech backend
2026-03-26 08:56:43,006 | INFO | qomotech.status_poller | HardwareStatusPoller started (interval=50ms)
2026-03-26 09:42:27,308 | INFO | qomotech | Starting QomoTech backend
2026-03-26 09:42:27,438 | INFO | qomotech.status_poller | HardwareStatusPoller started (interval=50ms)
2026-03-26 09:42:56,142 | INFO | qomotech | Starting QomoTech backend
2026-03-26 09:42:56,253 | INFO | qomotech.status_poller | HardwareStatusPoller started (interval=50ms)
2026-03-26 09:43:06,116 | ERROR | qomotech.start_program | execute_start_program failed
Traceback (most recent call last):
  File "D:\Project_Test\QomoTech\QomoTech_BackEnd\core\startPragram.py", line 67, in execute_start_program
    raw = wangFuLoop(
        originalPoints=task,
        recipe_payload=recipe_payload,
    )
  File "D:\Project_Test\QomoTech\QomoTech_BackEnd\core\startPragram.py", line 87, in wangFuLoop
    mainRecipe = recipe_payload["selectedmainRecipe"]
                 ~~~~~~~~~~~~~~^^^^^^^^^^^^^^^^^^^^^^
KeyError: 'selectedmainRecipe'
2026-03-26 09:43:49,330 | INFO | qomotech | Starting QomoTech backend
2026-03-26 09:43:49,503 | INFO | qomotech.status_poller | HardwareStatusPoller started (interval=50ms)
2026-03-26 09:44:24,577 | INFO | qomotech | Starting QomoTech backend
2026-03-26 09:44:24,714 | INFO | qomotech.status_poller | HardwareStatusPoller started (interval=50ms)
2026-03-26 09:46:09,923 | INFO | qomotech | Starting QomoTech backend
2026-03-26 09:46:10,081 | INFO | qomotech.status_poller | HardwareStatusPoller started (interval=50ms)
2026-03-26 09:46:28,009 | ERROR | qomotech.start_program | execute_start_program failed
Traceback (most recent call last):
  File "D:\Project_Test\QomoTech\QomoTech_BackEnd\core\startPragram.py", line 67, in execute_start_program
    raw = wangFuLoop(originalPoints=tasks[i],recipe_payload=recipe_payload,)
  File "D:\Project_Test\QomoTech\QomoTech_BackEnd\core\startPragram.py", line 84, in wangFuLoop
    mainRecipe = recipe_payload["selectedmainRecipe"]
                 ~~~~~~~~~~~~~~^^^^^^^^^^^^^^^^^^^^^^
KeyError: 'selectedmainRecipe'
2026-03-26 09:50:47,133 | INFO | qomotech | Starting QomoTech backend
2026-03-26 09:50:47,285 | INFO | qomotech.status_poller | HardwareStatusPoller started (interval=50ms)
2026-03-26 09:53:52,328 | ERROR | qomotech.start_program | execute_start_program failed
Traceback (most recent call last):
  File "D:\Project_Test\QomoTech\QomoTech_BackEnd\core\startPragram.py", line 67, in execute_start_program
    raw = wangFuLoop(originalPoints=tasks[i],recipe_payload=recipe_payload,)
  File "D:\Project_Test\QomoTech\QomoTech_BackEnd\core\startPragram.py", line 88, in wangFuLoop
    blackeningLaserPowerRecipe = searchIdInRecipe(blackeningRecipe,blackeningRecipe['laserPowerRecipeId'])
                                                                   ~~~~~~~~~~~~~~~~^^^^^^^^^^^^^^^^^^^^^^
TypeError: 'NoneType' object is not subscriptable
2026-03-26 09:54:08,686 | ERROR | qomotech.start_program | execute_start_program failed
Traceback (most recent call last):
  File "D:\Project_Test\QomoTech\QomoTech_BackEnd\core\startPragram.py", line 67, in execute_start_program
    raw = wangFuLoop(originalPoints=tasks[i],recipe_payload=recipe_payload,)
  File "D:\Project_Test\QomoTech\QomoTech_BackEnd\core\startPragram.py", line 88, in wangFuLoop
    blackeningLaserPowerRecipe = searchIdInRecipe(blackeningRecipe,blackeningRecipe['laserPowerRecipeId'])
                                                                   ~~~~~~~~~~~~~~~~^^^^^^^^^^^^^^^^^^^^^^
TypeError: 'NoneType' object is not subscriptable
2026-03-26 09:55:08,100 | ERROR | qomotech.start_program | execute_start_program failed
Traceback (most recent call last):
  File "D:\Project_Test\QomoTech\QomoTech_BackEnd\core\startPragram.py", line 67, in execute_start_program
    raw = wangFuLoop(originalPoints=tasks[i],recipe_payload=recipe_payload,)
  File "D:\Project_Test\QomoTech\QomoTech_BackEnd\core\startPragram.py", line 88, in wangFuLoop
    blackeningLaserPowerRecipe = searchIdInRecipe(blackeningRecipe,blackeningRecipe['laserPowerRecipeId'])
                                                                   ~~~~~~~~~~~~~~~~^^^^^^^^^^^^^^^^^^^^^^
TypeError: 'NoneType' object is not subscriptable
2026-03-26 09:56:37,887 | INFO | qomotech | Starting QomoTech backend
2026-03-26 09:56:38,034 | INFO | qomotech.status_poller | HardwareStatusPoller started (interval=50ms)
2026-03-26 09:57:59,102 | INFO | qomotech | Starting QomoTech backend
2026-03-26 09:57:59,255 | INFO | qomotech.status_poller | HardwareStatusPoller started (interval=50ms)
2026-03-26 10:00:42,186 | INFO | qomotech | Starting QomoTech backend
2026-03-26 10:00:42,312 | INFO | qomotech.status_poller | HardwareStatusPoller started (interval=50ms)
2026-03-26 10:04:02,064 | INFO | qomotech | Starting QomoTech backend
2026-03-26 10:04:02,186 | INFO | qomotech.status_poller | HardwareStatusPoller started (interval=50ms)
2026-03-26 10:04:19,595 | ERROR | qomotech.start_program | execute_start_program failed
Traceback (most recent call last):
  File "D:\Project_Test\QomoTech\QomoTech_BackEnd\core\startPragram.py", line 96, in execute_start_program
    return _normalize_program_result(raw)
  File "D:\Project_Test\QomoTech\QomoTech_BackEnd\core\startPragram.py", line 67, in _normalize_program_result
    "success": bool(raw.get("success")),
                    ^^^^^^^
AttributeError: 'bool' object has no attribute 'get'
2026-03-26 10:06:19,001 | ERROR | qomotech.start_program | execute_start_program failed
Traceback (most recent call last):
  File "D:\Project_Test\QomoTech\QomoTech_BackEnd\core\startPragram.py", line 96, in execute_start_program
    return _normalize_program_result(raw)
  File "D:\Project_Test\QomoTech\QomoTech_BackEnd\core\startPragram.py", line 67, in _normalize_program_result
    "success": bool(raw.get("success")),
                    ^^^^^^^
AttributeError: 'bool' object has no attribute 'get'
2026-03-26 10:22:11,149 | ERROR | qomotech.start_program | execute_start_program failed
Traceback (most recent call last):
  File "D:\Project_Test\QomoTech\QomoTech_BackEnd\core\startPragram.py", line 96, in execute_start_program
    return _normalize_program_result(raw)
  File "D:\Project_Test\QomoTech\QomoTech_BackEnd\core\startPragram.py", line 67, in _normalize_program_result
    "success": bool(raw.get("success")),
                    ^^^^^^^
AttributeError: 'bool' object has no attribute 'get'
2026-03-26 10:22:23,069 | INFO | qomotech | Starting QomoTech backend
2026-03-26 10:22:23,186 | INFO | qomotech.status_poller | HardwareStatusPoller started (interval=50ms)
2026-03-26 10:29:25,464 | INFO | qomotech | Starting QomoTech backend
2026-03-26 10:29:25,583 | INFO | qomotech.status_poller | HardwareStatusPoller started (interval=50ms)
2026-03-26 10:39:51,507 | INFO | qomotech | Starting QomoTech backend
2026-03-26 10:39:51,632 | INFO | qomotech.status_poller | HardwareStatusPoller started (interval=50ms)
2026-03-26 10:40:24,564 | INFO | qomotech | Starting QomoTech backend
2026-03-26 10:40:24,673 | INFO | qomotech.status_poller | HardwareStatusPoller started (interval=50ms)
2026-03-26 10:43:15,241 | INFO | qomotech | Starting QomoTech backend
2026-03-26 10:43:15,363 | INFO | qomotech.status_poller | HardwareStatusPoller started (interval=50ms)
2026-03-26 10:46:56,527 | INFO | qomotech | Starting QomoTech backend
2026-03-26 10:46:56,637 | INFO | qomotech.status_poller | HardwareStatusPoller started (interval=50ms)
2026-03-26 10:49:15,894 | INFO | qomotech | Starting QomoTech backend
2026-03-26 10:49:16,049 | INFO | qomotech.status_poller | HardwareStatusPoller started (interval=50ms)
2026-03-26 11:03:27,908 | INFO | qomotech | Starting QomoTech backend
2026-03-26 11:03:28,034 | INFO | qomotech.status_poller | HardwareStatusPoller started (interval=50ms)
2026-03-26 11:03:57,364 | INFO | qomotech | Starting QomoTech backend
2026-03-26 11:03:57,480 | INFO | qomotech.status_poller | HardwareStatusPoller started (interval=50ms)
2026-03-26 11:08:11,638 | INFO | qomotech | Starting QomoTech backend
2026-03-26 11:08:11,769 | INFO | qomotech.status_poller | HardwareStatusPoller started (interval=50ms)
2026-03-26 11:29:21,170 | INFO | qomotech | Starting QomoTech backend
2026-03-26 11:29:21,277 | INFO | qomotech.status_poller | HardwareStatusPoller started (interval=50ms)
2026-03-26 11:29:53,441 | INFO | qomotech | Starting QomoTech backend
2026-03-26 11:29:53,562 | INFO | qomotech.status_poller | HardwareStatusPoller started (interval=50ms)
2026-03-26 11:30:11,358 | ERROR | qomotech.start_program | execute_start_program failed
Traceback (most recent call last):
  File "D:\Project_Test\QomoTech\QomoTech_BackEnd\core\startPragram.py", line 93, in execute_start_program
    raw = wangFuLoop(originalPoints=tasks[i],recipe_payload=recipe_payload,controller=controller)
  File "D:\Project_Test\QomoTech\QomoTech_BackEnd\core\startPragram.py", line 143, in wangFuLoop
    depthStep
UnboundLocalError: cannot access local variable 'depthStep' where it is not associated with a value
2026-03-26 11:30:39,506 | INFO | qomotech | Starting QomoTech backend
2026-03-26 11:30:39,640 | INFO | qomotech.status_poller | HardwareStatusPoller started (interval=50ms)
2026-03-26 11:30:50,354 | INFO | qomotech | Starting QomoTech backend
2026-03-26 11:30:50,459 | INFO | qomotech.status_poller | HardwareStatusPoller started (interval=50ms)
2026-03-26 11:32:38,911 | ERROR | qomotech.start_program | execute_start_program failed
Traceback (most recent call last):
  File "D:\Project_Test\QomoTech\QomoTech_BackEnd\core\startPragram.py", line 93, in execute_start_program
    raw = wangFuLoop(originalPoints=tasks[i],recipe_payload=recipe_payload,controller=controller)
  File "D:\Project_Test\QomoTech\QomoTech_BackEnd\core\startPragram.py", line 266, in wangFuLoop
    current_increments = int(jindubaifenbi // decreasingRate)
                                              ^^^^^^^^^^^^^^
NameError: name 'decreasingRate' is not defined. Did you mean: 'decreasingRateReduce'?
2026-03-26 11:43:39,405 | INFO | qomotech | Starting QomoTech backend
2026-03-26 11:43:39,529 | INFO | qomotech.status_poller | HardwareStatusPoller started (interval=50ms)
2026-03-26 11:44:27,962 | ERROR | qomotech.start_program | execute_start_program failed
Traceback (most recent call last):
  File "D:\Project_Test\QomoTech\QomoTech_BackEnd\core\startPragram.py", line 93, in execute_start_program
    raw = wangFuLoop(originalPoints=tasks[i],recipe_payload=recipe_payload,controller=controller)
  File "D:\Project_Test\QomoTech\QomoTech_BackEnd\core\startPragram.py", line 270, in wangFuLoop
    pointOffset +=offsetStep
    ^^^^^^^^^^^
UnboundLocalError: cannot access local variable 'pointOffset' where it is not associated with a value
2026-03-26 11:45:23,851 | INFO | qomotech | Starting QomoTech backend
2026-03-26 11:45:23,976 | INFO | qomotech.status_poller | HardwareStatusPoller started (interval=50ms)
2026-03-26 11:45:46,344 | ERROR | qomotech.start_program | execute_start_program failed
Traceback (most recent call last):
  File "D:\Project_Test\QomoTech\QomoTech_BackEnd\core\startPragram.py", line 93, in execute_start_program
    raw = wangFuLoop(originalPoints=tasks[i],recipe_payload=recipe_payload,controller=controller)
  File "D:\Project_Test\QomoTech\QomoTech_BackEnd\core\startPragram.py", line 270, in wangFuLoop
    pointOffset +=offsetStep
    ^^^^^^^^^^^
UnboundLocalError: cannot access local variable 'pointOffset' where it is not associated with a value
2026-03-26 11:48:20,085 | INFO | qomotech | Starting QomoTech backend
2026-03-26 11:48:20,210 | INFO | qomotech.status_poller | HardwareStatusPoller started (interval=50ms)
2026-03-26 11:49:06,588 | ERROR | qomotech.start_program | execute_start_program failed
Traceback (most recent call last):
  File "D:\Project_Test\QomoTech\QomoTech_BackEnd\core\startPragram.py", line 93, in execute_start_program
    raw = wangFuLoop(originalPoints=tasks[i],recipe_payload=recipe_payload,controller=controller)
  File "D:\Project_Test\QomoTech\QomoTech_BackEnd\core\startPragram.py", line 270, in wangFuLoop
    pointOffset +=offsetStep
    ^^^^^^^^^^^
UnboundLocalError: cannot access local variable 'pointOffset' where it is not associated with a value
2026-03-26 12:43:20,465 | ERROR | qomotech.start_program | execute_start_program failed
Traceback (most recent call last):
  File "D:\Project_Test\QomoTech\QomoTech_BackEnd\core\startPragram.py", line 93, in execute_start_program
    for i in range(len(tasks)):
              ^^^^^^^^^^^^^^^^^
  File "D:\Project_Test\QomoTech\QomoTech_BackEnd\core\startPragram.py", line 270, in wangFuLoop
    startX = originalPoints[0].get('x')
        ^^^^^^^^^^^
UnboundLocalError: cannot access local variable 'pointOffset' where it is not associated with a value
2026-03-26 12:43:42,880 | INFO | qomotech | Starting QomoTech backend
2026-03-26 12:43:43,086 | INFO | qomotech.status_poller | HardwareStatusPoller started (interval=50ms)
2026-03-26 12:46:01,365 | INFO | qomotech | Starting QomoTech backend
2026-03-26 12:46:01,514 | INFO | qomotech.status_poller | HardwareStatusPoller started (interval=50ms)
2026-03-26 12:47:28,756 | INFO | qomotech | Starting QomoTech backend
2026-03-26 12:47:28,915 | INFO | qomotech.status_poller | HardwareStatusPoller started (interval=50ms)
2026-03-26 12:48:20,276 | INFO | qomotech | Starting QomoTech backend
2026-03-26 12:48:20,384 | INFO | qomotech.status_poller | HardwareStatusPoller started (interval=50ms)
2026-03-26 13:09:26,868 | INFO | qomotech | Starting QomoTech backend
2026-03-26 13:09:26,992 | INFO | qomotech.status_poller | HardwareStatusPoller started (interval=50ms)
2026-03-26 13:10:23,104 | INFO | qomotech | Starting QomoTech backend
2026-03-26 13:10:23,223 | INFO | qomotech.status_poller | HardwareStatusPoller started (interval=50ms)
2026-03-26 13:16:36,835 | INFO | qomotech | Starting QomoTech backend
2026-03-26 13:16:36,958 | INFO | qomotech.status_poller | HardwareStatusPoller started (interval=50ms)
2026-03-26 13:18:09,605 | INFO | qomotech | Starting QomoTech backend
2026-03-26 13:18:09,744 | INFO | qomotech.status_poller | HardwareStatusPoller started (interval=50ms)
2026-03-26 13:23:01,858 | INFO | qomotech | Starting QomoTech backend
2026-03-26 13:23:01,977 | INFO | qomotech.status_poller | HardwareStatusPoller started (interval=50ms)
2026-03-26 13:26:03,328 | INFO | qomotech | Starting QomoTech backend
2026-03-26 13:26:03,485 | INFO | qomotech.status_poller | HardwareStatusPoller started (interval=50ms)
2026-03-26 13:27:12,987 | INFO | qomotech | Starting QomoTech backend
2026-03-26 13:27:13,104 | INFO | qomotech.status_poller | HardwareStatusPoller started (interval=50ms)
2026-03-26 13:35:04,362 | ERROR | qomotech.start_program | execute_start_program failed
Traceback (most recent call last):
  File "D:\Project_Test\QomoTech\QomoTech_BackEnd\core\startPragram.py", line 96, in execute_start_program
    
    
    ...<6 lines>...
    def _skip_requested() -> bool:
    ^^^^^^^^^^^^^
  File "D:\Project_Test\QomoTech\QomoTech_BackEnd\core\startPragram.py", line 309, in wangFuLoop
    """
    
  File "D:\Project_Test\QomoTech\QomoTech_BackEnd\core\zmotion_adapter.py", line 105, in continuous_interpolation_move_adapter
    if key in st:
    
TypeError: 'str' object is not callable
2026-03-26 13:37:12,749 | INFO | qomotech | Starting QomoTech backend
2026-03-26 13:37:12,868 | INFO | qomotech.status_poller | HardwareStatusPoller started (interval=50ms)
2026-03-26 13:37:37,749 | INFO | qomotech | Starting QomoTech backend
2026-03-26 13:37:37,867 | INFO | qomotech.status_poller | HardwareStatusPoller started (interval=50ms)
2026-03-26 15:10:10,175 | INFO | qomotech | Starting QomoTech backend
2026-03-26 15:10:10,391 | INFO | qomotech.status_poller | HardwareStatusPoller started (interval=50ms)
2026-03-26 15:20:36,923 | INFO | qomotech | Starting QomoTech backend
2026-03-26 15:20:37,034 | INFO | qomotech.status_poller | HardwareStatusPoller started (interval=50ms)
2026-03-26 15:21:27,994 | ERROR | qomotech.camera | Failed to open camera device_id=1 backend=msmf
2026-03-26 15:21:34,421 | ERROR | qomotech.camera | Failed to open camera device_id=1 backend=ffmpeg
2026-03-26 15:22:54,673 | INFO | qomotech | Starting QomoTech backend
2026-03-26 15:22:54,780 | INFO | qomotech.status_poller | HardwareStatusPoller started (interval=50ms)
2026-03-26 15:24:11,307 | INFO | qomotech | Starting QomoTech backend
2026-03-26 15:24:11,423 | INFO | qomotech.status_poller | HardwareStatusPoller started (interval=50ms)
2026-03-26 15:29:57,124 | INFO | qomotech | Starting QomoTech backend
2026-03-26 15:29:57,258 | INFO | qomotech.status_poller | HardwareStatusPoller started (interval=50ms)
2026-03-26 15:31:21,740 | INFO | qomotech | Starting QomoTech backend
2026-03-26 15:31:21,873 | INFO | qomotech.status_poller | HardwareStatusPoller started (interval=50ms)
2026-03-26 15:35:24,721 | INFO | qomotech | Starting QomoTech backend
2026-03-26 15:35:25,137 | INFO | qomotech.status_poller | HardwareStatusPoller started (interval=50ms)
2026-03-26 15:38:33,373 | INFO | qomotech | Starting QomoTech backend
2026-03-26 15:38:33,685 | INFO | qomotech.status_poller | HardwareStatusPoller started (interval=50ms)
2026-03-26 15:38:33,690 | INFO | qomotech.status_poller | HardwareStatusPoller stopped
2026-03-26 15:38:57,766 | INFO | qomotech | Starting QomoTech backend
2026-03-26 15:38:57,873 | INFO | qomotech.status_poller | HardwareStatusPoller started (interval=50ms)
2026-03-26 15:45:27,171 | INFO | qomotech | Starting QomoTech backend
2026-03-26 15:45:27,299 | INFO | qomotech.status_poller | HardwareStatusPoller started (interval=50ms)
2026-03-26 15:45:46,321 | ERROR | qomotech.camera | Failed to open camera device_id=1 backend=default
2026-03-26 15:45:54,518 | ERROR | qomotech.camera | Failed to open camera device_id=0 backend=msmf
2026-03-26 15:45:57,923 | ERROR | qomotech.camera | Failed to open camera device_id=0 backend=msmf
2026-03-26 15:46:00,673 | ERROR | qomotech.camera | Failed to open camera device_id=0 backend=msmf
2026-03-26 15:46:08,884 | ERROR | qomotech.camera | Failed to open camera device_id=0 backend=msmf
2026-03-26 15:46:24,813 | INFO | qomotech | Starting QomoTech backend
2026-03-26 15:46:24,910 | INFO | qomotech.status_poller | HardwareStatusPoller started (interval=50ms)
2026-03-26 15:46:27,888 | ERROR | qomotech.camera | Failed to open camera device_id=0 backend=msmf
2026-03-26 15:48:22,088 | INFO | qomotech | Starting QomoTech backend
2026-03-26 15:48:22,321 | INFO | qomotech.status_poller | HardwareStatusPoller started (interval=50ms)
2026-03-26 15:48:24,798 | ERROR | qomotech.camera | Failed to open camera device_id=0 backend=msmf
2026-03-26 15:48:47,730 | INFO | qomotech | Starting QomoTech backend
2026-03-26 15:48:47,849 | INFO | qomotech.status_poller | HardwareStatusPoller started (interval=50ms)
2026-03-26 15:49:13,656 | INFO | qomotech | Starting QomoTech backend
2026-03-26 15:49:13,934 | INFO | qomotech.status_poller | HardwareStatusPoller started (interval=50ms)
2026-03-26 15:49:17,978 | ERROR | qomotech.camera | Failed to open camera device_id=0 backend=msmf
2026-03-26 15:50:01,904 | INFO | qomotech | Starting QomoTech backend
2026-03-26 15:50:02,001 | INFO | qomotech.status_poller | HardwareStatusPoller started (interval=50ms)
2026-03-26 15:50:58,105 | INFO | qomotech | Starting QomoTech backend
2026-03-26 15:50:58,208 | INFO | qomotech.status_poller | HardwareStatusPoller started (interval=50ms)
2026-03-26 15:57:40,165 | INFO | qomotech | Starting QomoTech backend
2026-03-26 15:57:40,271 | INFO | qomotech.status_poller | HardwareStatusPoller started (interval=50ms)
2026-03-26 15:58:15,037 | INFO | qomotech | Starting QomoTech backend
2026-03-26 15:58:15,147 | INFO | qomotech.status_poller | HardwareStatusPoller started (interval=50ms)
2026-03-26 16:22:20,115 | INFO | qomotech | Starting QomoTech backend
2026-03-26 16:22:20,220 | INFO | qomotech.status_poller | HardwareStatusPoller started (interval=50ms)
2026-03-26 16:22:50,280 | ERROR | qomotech.camera | Resolution not supported by presets: want=1280x720 available=[(320, 240), (640, 480), (1280, 1024)]
2026-03-26 16:23:26,051 | INFO | qomotech | Starting QomoTech backend
2026-03-26 16:23:26,152 | INFO | qomotech.status_poller | HardwareStatusPoller started (interval=50ms)
2026-03-26 16:23:43,599 | ERROR | qomotech.camera | Resolution not supported by presets: want=1280x720 available=[(320, 240), (640, 480), (1280, 1024)]
2026-03-26 16:23:56,015 | INFO | qomotech | Starting QomoTech backend
2026-03-26 16:23:56,135 | INFO | qomotech.status_poller | HardwareStatusPoller started (interval=50ms)
2026-03-26 16:23:58,924 | ERROR | qomotech.camera | Resolution not supported by presets: want=1280x720 available=[(320, 240), (640, 480), (1280, 1024)]
2026-03-26 16:28:17,922 | INFO | qomotech | Starting QomoTech backend
2026-03-26 16:28:18,045 | INFO | qomotech.status_poller | HardwareStatusPoller started (interval=50ms)
2026-03-26 16:28:22,258 | WARNING | qomotech.camera | SetFrameSpeed(HIGHEST) failed: -3
2026-03-26 16:52:06,923 | INFO | qomotech | Starting QomoTech backend
2026-03-26 16:52:07,080 | INFO | qomotech.status_poller | HardwareStatusPoller started (interval=50ms)
2026-03-26 16:52:12,951 | WARNING | qomotech.camera | SetFrameSpeed(HIGHEST) failed: -3
2026-03-26 16:53:53,259 | INFO | qomotech | Starting QomoTech backend
2026-03-26 16:53:53,359 | INFO | qomotech.status_poller | HardwareStatusPoller started (interval=50ms)
2026-03-26 16:54:21,575 | WARNING | qomotech.camera | SetFrameSpeed(HIGHEST) failed: -3
2026-03-26 17:06:47,585 | INFO | qomotech | Starting QomoTech backend
2026-03-26 17:06:47,682 | INFO | qomotech.status_poller | HardwareStatusPoller started (interval=50ms)
2026-03-26 19:54:56,719 | INFO | qomotech | Starting QomoTech backend
2026-03-26 19:54:56,908 | INFO | qomotech.status_poller | HardwareStatusPoller started (interval=50ms)
2026-03-26 19:58:39,486 | INFO | qomotech | Starting QomoTech backend
2026-03-26 19:58:39,566 | INFO | qomotech.status_poller | HardwareStatusPoller started (interval=50ms)
2026-03-26 20:02:23,317 | INFO | qomotech | Starting QomoTech backend
2026-03-26 20:02:23,393 | INFO | qomotech.status_poller | HardwareStatusPoller started (interval=50ms)
2026-03-26 20:04:31,979 | INFO | qomotech | Starting QomoTech backend
2026-03-26 20:04:32,056 | INFO | qomotech.status_poller | HardwareStatusPoller started (interval=50ms)
2026-03-26 20:06:29,046 | INFO | qomotech | Starting QomoTech backend
2026-03-26 20:06:29,124 | INFO | qomotech.status_poller | HardwareStatusPoller started (interval=50ms)
2026-03-26 20:10:48,482 | INFO | qomotech | Starting QomoTech backend
2026-03-26 20:10:48,559 | INFO | qomotech.status_poller | HardwareStatusPoller started (interval=50ms)
2026-03-26 20:13:32,822 | INFO | qomotech | Starting QomoTech backend
2026-03-26 20:13:32,897 | INFO | qomotech.status_poller | HardwareStatusPoller started (interval=50ms)
2026-03-26 20:28:47,031 | INFO | qomotech | Starting QomoTech backend
2026-03-26 20:28:47,108 | INFO | qomotech.status_poller | HardwareStatusPoller started (interval=50ms)
2026-03-26 20:36:26,431 | INFO | qomotech | Starting QomoTech backend
2026-03-26 20:36:26,525 | INFO | qomotech.status_poller | HardwareStatusPoller started (interval=50ms)
2026-03-26 20:46:23,113 | INFO | qomotech | Starting QomoTech backend
2026-03-26 20:46:23,224 | INFO | qomotech.status_poller | HardwareStatusPoller started (interval=50ms)
2026-03-26 21:04:42,114 | INFO | qomotech | Starting QomoTech backend
2026-03-26 21:04:42,190 | INFO | qomotech.status_poller | HardwareStatusPoller started (interval=50ms)
2026-03-26 21:18:27,445 | INFO | qomotech | Starting QomoTech backend
2026-03-26 21:18:27,495 | INFO | qomotech.status_poller | HardwareStatusPoller started (interval=50ms)
2026-03-26 21:20:17,772 | INFO | qomotech | Starting QomoTech backend
2026-03-26 21:20:17,847 | INFO | qomotech.status_poller | HardwareStatusPoller started (interval=50ms)
2026-03-26 21:26:57,041 | INFO | qomotech | Starting QomoTech backend
2026-03-26 21:26:57,116 | INFO | qomotech.status_poller | HardwareStatusPoller started (interval=50ms)
2026-03-26 21:51:41,824 | INFO | qomotech | Starting QomoTech backend
2026-03-26 21:51:41,908 | INFO | qomotech.status_poller | HardwareStatusPoller started (interval=50ms)
2026-03-27 08:49:35,623 | INFO | qomotech | Starting QomoTech backend
2026-03-27 08:49:35,802 | INFO | qomotech.status_poller | HardwareStatusPoller started (interval=50ms)
2026-03-27 08:58:44,458 | INFO | qomotech | Starting QomoTech backend
2026-03-27 08:58:44,563 | INFO | qomotech.status_poller | HardwareStatusPoller started (interval=50ms)
2026-03-27 11:01:31,359 | INFO | qomotech | Starting QomoTech backend
2026-03-27 11:01:31,488 | INFO | qomotech.status_poller | HardwareStatusPoller started (interval=50ms)
2026-03-27 11:02:18,250 | INFO | qomotech | Starting QomoTech backend
2026-03-27 11:02:18,336 | INFO | qomotech.status_poller | HardwareStatusPoller started (interval=50ms)
2026-03-27 11:06:43,871 | INFO | qomotech | Starting QomoTech backend
2026-03-27 11:06:43,970 | INFO | qomotech.status_poller | HardwareStatusPoller started (interval=50ms)
2026-03-27 11:08:10,507 | INFO | qomotech | Starting QomoTech backend
2026-03-27 11:08:10,558 | INFO | qomotech.status_poller | HardwareStatusPoller started (interval=50ms)
2026-03-27 11:08:10,560 | INFO | qomotech.status_poller | HardwareStatusPoller stopped
2026-03-27 11:08:11,619 | INFO | qomotech | Starting QomoTech backend
2026-03-27 11:08:11,665 | INFO | qomotech.status_poller | HardwareStatusPoller started (interval=50ms)
2026-03-27 11:08:11,666 | INFO | qomotech.status_poller | HardwareStatusPoller stopped
2026-03-27 11:09:16,924 | INFO | qomotech | Starting QomoTech backend
2026-03-27 11:09:17,016 | INFO | qomotech.status_poller | HardwareStatusPoller started (interval=50ms)
2026-03-27 11:14:22,004 | INFO | qomotech | Starting QomoTech backend
2026-03-27 11:14:22,083 | INFO | qomotech.status_poller | HardwareStatusPoller started (interval=50ms)
2026-03-27 11:15:38,627 | INFO | qomotech | Starting QomoTech backend
2026-03-27 11:15:38,709 | INFO | qomotech.status_poller | HardwareStatusPoller started (interval=50ms)
2026-03-27 11:26:09,148 | INFO | qomotech | Starting QomoTech backend
2026-03-27 11:26:09,257 | INFO | qomotech.status_poller | HardwareStatusPoller started (interval=50ms)
2026-03-27 11:26:49,301 | INFO | qomotech | Starting QomoTech backend
2026-03-27 11:26:49,389 | INFO | qomotech.status_poller | HardwareStatusPoller started (interval=50ms)
2026-03-27 11:27:12,446 | INFO | qomotech | Starting QomoTech backend
2026-03-27 11:27:12,529 | INFO | qomotech.status_poller | HardwareStatusPoller started (interval=50ms)
2026-03-27 11:29:59,237 | INFO | qomotech | Starting QomoTech backend
2026-03-27 11:29:59,324 | INFO | qomotech.status_poller | HardwareStatusPoller started (interval=50ms)
2026-03-27 11:43:25,478 | INFO | qomotech | Starting QomoTech backend
2026-03-27 11:43:25,592 | INFO | qomotech.status_poller | HardwareStatusPoller started (interval=50ms)
2026-03-27 11:48:35,797 | INFO | qomotech | Starting QomoTech backend
2026-03-27 11:48:35,885 | INFO | qomotech.status_poller | HardwareStatusPoller started (interval=50ms)
2026-03-27 11:48:57,377 | INFO | qomotech | Starting QomoTech backend
2026-03-27 11:48:57,459 | INFO | qomotech.status_poller | HardwareStatusPoller started (interval=50ms)
2026-03-27 11:58:10,112 | INFO | qomotech | Starting QomoTech backend
2026-03-27 11:58:10,230 | INFO | qomotech.status_poller | HardwareStatusPoller started (interval=50ms)
2026-03-27 12:02:55,732 | INFO | qomotech | Starting QomoTech backend
2026-03-27 12:02:55,822 | INFO | qomotech.status_poller | HardwareStatusPoller started (interval=50ms)
2026-03-27 12:37:29,328 | INFO | qomotech | Starting QomoTech backend
2026-03-27 12:37:29,455 | INFO | qomotech.status_poller | HardwareStatusPoller started (interval=50ms)
2026-03-27 13:21:55,349 | INFO | qomotech | Starting QomoTech backend
2026-03-27 13:21:55,445 | INFO | qomotech.status_poller | HardwareStatusPoller started (interval=50ms)
2026-03-27 13:40:31,085 | INFO | qomotech | Starting QomoTech backend
2026-03-27 13:40:31,170 | INFO | qomotech.status_poller | HardwareStatusPoller started (interval=50ms)
2026-03-27 14:02:44,588 | INFO | qomotech | Starting QomoTech backend
2026-03-27 14:02:44,668 | INFO | qomotech.status_poller | HardwareStatusPoller started (interval=50ms)
2026-03-27 14:38:56,551 | INFO | qomotech | Starting QomoTech backend
2026-03-27 14:38:56,704 | INFO | qomotech.status_poller | HardwareStatusPoller started (interval=50ms)
2026-03-27 14:39:41,001 | ERROR | qomotech.start_program | execute_start_program failed
Traceback (most recent call last):
  File "D:\Project_Test\QomoTech\QomoTech_BackEnd\core\startPragram.py", line 236, in execute_start_program
    outcome = wangFuLoop(
        originalPointsNum=_i,
    ...<4 lines>...
        rs232_open=rs232_open,
    )
  File "D:\Project_Test\QomoTech\QomoTech_BackEnd\core\startPragram.py", line 352, in wangFuLoop
    decreasingRate = float(machiningVerticalFormula.get("changePercent"))
TypeError: float() argument must be a string or a real number, not 'NoneType'
2026-03-27 14:39:52,294 | ERROR | qomotech.start_program | execute_start_program failed
Traceback (most recent call last):
  File "D:\Project_Test\QomoTech\QomoTech_BackEnd\core\startPragram.py", line 236, in execute_start_program
    outcome = wangFuLoop(
        originalPointsNum=_i,
    ...<4 lines>...
        rs232_open=rs232_open,
    )
  File "D:\Project_Test\QomoTech\QomoTech_BackEnd\core\startPragram.py", line 352, in wangFuLoop
    decreasingRate = float(machiningVerticalFormula.get("changePercent"))
TypeError: float() argument must be a string or a real number, not 'NoneType'
2026-03-27 14:41:12,080 | INFO | qomotech | Starting QomoTech backend
2026-03-27 14:41:12,197 | INFO | qomotech.status_poller | HardwareStatusPoller started (interval=50ms)
2026-03-27 14:43:08,066 | INFO | qomotech | Starting QomoTech backend
2026-03-27 14:43:08,180 | INFO | qomotech.status_poller | HardwareStatusPoller started (interval=50ms)
2026-03-27 14:49:41,411 | INFO | qomotech | Starting QomoTech backend
2026-03-27 14:49:41,571 | INFO | qomotech.status_poller | HardwareStatusPoller started (interval=50ms)
2026-03-27 14:51:33,495 | INFO | qomotech | Starting QomoTech backend
2026-03-27 14:51:33,620 | INFO | qomotech.status_poller | HardwareStatusPoller started (interval=50ms)
2026-03-27 14:53:45,212 | INFO | qomotech | Starting QomoTech backend
2026-03-27 14:53:45,326 | INFO | qomotech.status_poller | HardwareStatusPoller started (interval=50ms)
2026-03-27 14:57:58,951 | INFO | qomotech | Starting QomoTech backend
2026-03-27 14:57:59,040 | INFO | qomotech.status_poller | HardwareStatusPoller started (interval=50ms)
2026-03-27 14:59:59,023 | INFO | qomotech | Starting QomoTech backend
2026-03-27 14:59:59,141 | INFO | qomotech.status_poller | HardwareStatusPoller started (interval=50ms)
2026-03-27 15:02:59,035 | INFO | qomotech | Starting QomoTech backend
2026-03-27 15:02:59,170 | INFO | qomotech.status_poller | HardwareStatusPoller started (interval=50ms)
2026-03-27 15:07:36,127 | INFO | qomotech | Starting QomoTech backend
2026-03-27 15:07:36,272 | INFO | qomotech.status_poller | HardwareStatusPoller started (interval=50ms)
2026-03-27 15:09:50,595 | INFO | qomotech | Starting QomoTech backend
2026-03-27 15:09:50,690 | INFO | qomotech.status_poller | HardwareStatusPoller started (interval=50ms)
2026-03-27 15:10:54,845 | INFO | qomotech | Starting QomoTech backend
2026-03-27 15:10:54,973 | INFO | qomotech.status_poller | HardwareStatusPoller started (interval=50ms)
2026-03-27 15:23:09,479 | INFO | qomotech | Starting QomoTech backend
2026-03-27 15:23:09,657 | INFO | qomotech.status_poller | HardwareStatusPoller started (interval=50ms)
2026-03-27 15:24:04,977 | INFO | qomotech | Starting QomoTech backend
2026-03-27 15:24:05,062 | INFO | qomotech.status_poller | HardwareStatusPoller started (interval=50ms)
2026-03-27 15:26:00,346 | INFO | qomotech | Starting QomoTech backend
2026-03-27 15:26:00,517 | INFO | qomotech.status_poller | HardwareStatusPoller started (interval=50ms)
2026-03-27 15:49:48,918 | INFO | qomotech | Starting QomoTech backend
2026-03-27 15:49:49,123 | INFO | qomotech.status_poller | HardwareStatusPoller started (interval=50ms)
2026-03-27 15:52:19,485 | INFO | qomotech | Starting QomoTech backend
2026-03-27 15:52:19,603 | INFO | qomotech.status_poller | HardwareStatusPoller started (interval=50ms)
2026-03-27 15:52:46,488 | ERROR | qomotech.start_program | execute_start_program failed
Traceback (most recent call last):
  File "D:\Project_Test\QomoTech\QomoTech_BackEnd\core\startPragram.py", line 226, in execute_start_program
    outcome = wangFuLoop(
        originalPointsNum=_i,
    ...<4 lines>...
        rs232_open=rs232_open,
    )
  File "D:\Project_Test\QomoTech\QomoTech_BackEnd\core\startPragram.py", line 524, in wangFuLoop
    if not _ensure_rs232_before_laser(rs232, rs232_open, saoheiPower, saoheiFrequency, saoheiCurrent):
           ~~~~~~~~~~~~~~~~~~~~~~~~~~^^^^^^^^^^^^^^^^^^^^^^^^^^^^^^^^^^^^^^^^^^^^^^^^^^^^^^^^^^^^^^^^
  File "D:\Project_Test\QomoTech\QomoTech_BackEnd\core\startPragram.py", line 273, in _ensure_rs232_before_laser
    port = rs232_open.get("port")
           ^^^^^^^^^^^^^^
AttributeError: 'NoneType' object has no attribute 'get'
2026-03-27 15:59:16,824 | ERROR | qomotech.start_program | execute_start_program failed
Traceback (most recent call last):
  File "D:\Project_Test\QomoTech\QomoTech_BackEnd\core\startPragram.py", line 226, in execute_start_program
    outcome = wangFuLoop(
        originalPointsNum=_i,
    ...<4 lines>...
        rs232_open=rs232_open,
    )
  File "D:\Project_Test\QomoTech\QomoTech_BackEnd\core\startPragram.py", line 524, in wangFuLoop
    _ensure_rs232_before_laser(rs232, rs232_open, saoheiPower, saoheiFrequency, saoheiCurrent)
           ~~~~~~~~~~~~~~~~~~~^^^^^^^^^^^^^^^^^^^^^^^^^^^^^^^^^^^^^^^^^^^^^^^^^^^^^^^^^^^^^^^^
  File "D:\Project_Test\QomoTech\QomoTech_BackEnd\core\startPragram.py", line 273, in _ensure_rs232_before_laser
    port = rs232_open.get("port")
           ^^^^^^^^^^^^^^
AttributeError: 'NoneType' object has no attribute 'get'
2026-03-27 15:59:30,032 | INFO | qomotech | Starting QomoTech backend
2026-03-27 15:59:30,216 | INFO | qomotech.status_poller | HardwareStatusPoller started (interval=50ms)
2026-03-27 16:03:53,108 | INFO | qomotech | Starting QomoTech backend
2026-03-27 16:03:53,219 | INFO | qomotech.status_poller | HardwareStatusPoller started (interval=50ms)
2026-03-27 16:09:36,071 | INFO | qomotech | Starting QomoTech backend
2026-03-27 16:09:36,195 | INFO | qomotech.status_poller | HardwareStatusPoller started (interval=50ms)
2026-03-27 16:10:50,371 | INFO | qomotech | Starting QomoTech backend
2026-03-27 16:10:50,496 | INFO | qomotech.status_poller | HardwareStatusPoller started (interval=50ms)
2026-03-27 16:12:07,896 | INFO | qomotech | Starting QomoTech backend
2026-03-27 16:12:08,007 | INFO | qomotech.status_poller | HardwareStatusPoller started (interval=50ms)
2026-03-27 16:16:44,877 | INFO | qomotech | Starting QomoTech backend
2026-03-27 16:16:44,991 | INFO | qomotech.status_poller | HardwareStatusPoller started (interval=50ms)
2026-03-27 16:23:32,771 | INFO | qomotech | Starting QomoTech backend
2026-03-27 16:23:32,883 | INFO | qomotech.status_poller | HardwareStatusPoller started (interval=50ms)
2026-03-27 16:29:48,072 | INFO | qomotech | Starting QomoTech backend
2026-03-27 16:29:48,197 | INFO | qomotech.status_poller | HardwareStatusPoller started (interval=50ms)
2026-03-27 16:39:18,078 | INFO | qomotech | Starting QomoTech backend
2026-03-27 16:39:18,184 | INFO | qomotech.status_poller | HardwareStatusPoller started (interval=50ms)
2026-03-27 16:49:38,218 | INFO | qomotech | Starting QomoTech backend
2026-03-27 16:49:38,341 | INFO | qomotech.status_poller | HardwareStatusPoller started (interval=50ms)
2026-03-27 16:50:33,398 | INFO | qomotech | Starting QomoTech backend
2026-03-27 16:50:33,509 | INFO | qomotech.status_poller | HardwareStatusPoller started (interval=50ms)
2026-03-27 16:56:58,040 | INFO | qomotech | Starting QomoTech backend
2026-03-27 16:56:58,149 | INFO | qomotech.status_poller | HardwareStatusPoller started (interval=50ms)
2026-03-27 16:57:00,869 | INFO | qomotech.status_poller | HardwareStatusPoller stopped
2026-03-27 16:57:15,265 | INFO | qomotech | Starting QomoTech backend
2026-03-27 16:57:15,396 | INFO | qomotech.status_poller | HardwareStatusPoller started (interval=50ms)
2026-03-27 16:57:42,147 | ERROR | qomotech.start_program | execute_start_program failed
Traceback (most recent call last):
  File "D:\Project_Test\QomoTech\QomoTech_BackEnd\core\startPragram.py", line 228, in execute_start_program
    outcome = wangFuLoop(
        originalPointsNum=_i,
    ...<4 lines>...
        rs232_open=rs232_open,
    )
  File "D:\Project_Test\QomoTech\QomoTech_BackEnd\core\startPragram.py", line 390, in wangFuLoop
    saoheishangtaigaodu = float(blackeningRecipe.get("saoheijiaojubuchang"))
TypeError: float() argument must be a string or a real number, not 'NoneType'
2026-03-27 16:57:50,887 | ERROR | qomotech.start_program | execute_start_program failed
Traceback (most recent call last):
  File "D:\Project_Test\QomoTech\QomoTech_BackEnd\core\startPragram.py", line 228, in execute_start_program
    outcome = wangFuLoop(
        originalPointsNum=_i,
    ...<4 lines>...
        rs232_open=rs232_open,
    )
  File "D:\Project_Test\QomoTech\QomoTech_BackEnd\core\startPragram.py", line 390, in wangFuLoop
    saoheishangtaigaodu = float(blackeningRecipe.get("saoheijiaojubuchang"))
TypeError: float() argument must be a string or a real number, not 'NoneType'
2026-03-27 16:58:03,839 | ERROR | qomotech.start_program | execute_start_program failed
Traceback (most recent call last):
  File "D:\Project_Test\QomoTech\QomoTech_BackEnd\core\startPragram.py", line 228, in execute_start_program
    outcome = wangFuLoop(
        originalPointsNum=_i,
    ...<4 lines>...
        rs232_open=rs232_open,
    )
  File "D:\Project_Test\QomoTech\QomoTech_BackEnd\core\startPragram.py", line 390, in wangFuLoop
    saoheishangtaigaodu = float(blackeningRecipe.get("saoheijiaojubuchang"))
TypeError: float() argument must be a string or a real number, not 'NoneType'
2026-03-27 16:59:10,760 | INFO | qomotech | Starting QomoTech backend
2026-03-27 16:59:10,883 | INFO | qomotech.status_poller | HardwareStatusPoller started (interval=50ms)
2026-03-27 17:06:41,289 | INFO | qomotech | Starting QomoTech backend
2026-03-27 17:06:41,461 | INFO | qomotech.status_poller | HardwareStatusPoller started (interval=50ms)
2026-03-27 17:10:18,042 | INFO | qomotech | Starting QomoTech backend
2026-03-27 17:10:18,154 | INFO | qomotech.status_poller | HardwareStatusPoller started (interval=50ms)
2026-03-27 17:11:27,987 | INFO | qomotech | Starting QomoTech backend
2026-03-27 17:11:28,093 | INFO | qomotech.status_poller | HardwareStatusPoller started (interval=50ms)
2026-03-27 17:13:02,035 | INFO | qomotech | Starting QomoTech backend
2026-03-27 17:13:02,147 | INFO | qomotech.status_poller | HardwareStatusPoller started (interval=50ms)
2026-03-27 17:19:06,714 | INFO | qomotech | Starting QomoTech backend
2026-03-27 17:19:06,875 | INFO | qomotech.status_poller | HardwareStatusPoller started (interval=50ms)
2026-03-27 17:25:32,718 | INFO | qomotech | Starting QomoTech backend
2026-03-27 17:25:32,856 | INFO | qomotech.status_poller | HardwareStatusPoller started (interval=50ms)
2026-03-27 17:37:15,625 | INFO | qomotech | Starting QomoTech backend
2026-03-27 17:37:15,867 | INFO | qomotech.status_poller | HardwareStatusPoller started (interval=50ms)
2026-03-27 17:39:37,954 | INFO | qomotech | Starting QomoTech backend
2026-03-27 17:39:38,141 | INFO | qomotech.status_poller | HardwareStatusPoller started (interval=50ms)
2026-03-27 17:49:43,611 | INFO | qomotech | Starting QomoTech backend
2026-03-27 17:49:43,796 | INFO | qomotech.status_poller | HardwareStatusPoller started (interval=50ms)
2026-03-27 18:02:15,385 | INFO | qomotech | Starting QomoTech backend
2026-03-27 18:02:15,549 | INFO | qomotech.status_poller | HardwareStatusPoller started (interval=50ms)
2026-03-27 18:23:42,742 | INFO | qomotech | Starting QomoTech backend
2026-03-27 18:23:42,923 | INFO | qomotech.status_poller | HardwareStatusPoller started (interval=50ms)
2026-03-27 18:41:41,956 | INFO | qomotech | Starting QomoTech backend
2026-03-27 18:41:42,138 | INFO | qomotech.status_poller | HardwareStatusPoller started (interval=50ms)
2026-03-27 18:43:35,009 | INFO | qomotech | Starting QomoTech backend
2026-03-27 18:43:35,191 | INFO | qomotech.status_poller | HardwareStatusPoller started (interval=50ms)
2026-03-27 18:44:07,539 | INFO | qomotech | Starting QomoTech backend
2026-03-27 18:44:07,683 | INFO | qomotech.status_poller | HardwareStatusPoller started (interval=50ms)
2026-03-27 18:44:41,142 | INFO | qomotech | Starting QomoTech backend
2026-03-27 18:44:41,270 | INFO | qomotech.status_poller | HardwareStatusPoller started (interval=50ms)
2026-03-27 18:54:16,763 | INFO | qomotech | Starting QomoTech backend
2026-03-27 18:54:16,879 | INFO | qomotech.status_poller | HardwareStatusPoller started (interval=50ms)
2026-03-27 19:27:40,039 | INFO | qomotech | Starting QomoTech backend
2026-03-27 19:27:40,215 | INFO | qomotech.status_poller | HardwareStatusPoller started (interval=50ms)
2026-03-27 19:28:10,349 | INFO | qomotech | Starting QomoTech backend
2026-03-27 19:28:10,435 | INFO | qomotech.status_poller | HardwareStatusPoller started (interval=50ms)
2026-03-27 19:53:26,301 | INFO | qomotech | Starting QomoTech backend
2026-03-27 19:53:26,380 | INFO | qomotech.status_poller | HardwareStatusPoller started (interval=50ms)
2026-03-27 19:53:41,047 | ERROR | qomotech.start_program | execute_start_program failed
Traceback (most recent call last):
  File "D:\Project_Test\QomoTech\QomoTech_BackEnd\core\startPragram.py", line 262, in execute_start_program
    outcome = wangFuLoop(
        originalPointsNum=_i,
    ...<4 lines>...
        rs232_open=rs232_open,
    )
  File "D:\Project_Test\QomoTech\QomoTech_BackEnd\core\startPragram.py", line 431, in wangFuLoop
    saoheishangtaigaodu = float(blackeningRecipe.get("jiaojubuchang"))/1000
                          ~~~~~^^^^^^^^^^^^^^^^^^^^^^^^^^^^^^^^^^^^^^^
TypeError: float() argument must be a string or a real number, not 'NoneType'
2026-03-27 19:54:45,891 | INFO | qomotech | Starting QomoTech backend
2026-03-27 19:54:46,023 | INFO | qomotech.status_poller | HardwareStatusPoller started (interval=50ms)
